../Core/Src/main.c:75:5:main	88	static
../Core/Src/main.c:166:6:SystemClock_Config	96	static
../Core/Src/main.c:215:13:MX_CAN1_Init	8	static
../Core/Src/main.c:252:13:MX_USART2_UART_Init	8	static
../Core/Src/main.c:287:13:MX_GPIO_Init	24	static
../Core/Src/main.c:305:6:HAL_CAN_RxFifo0MsgPendingCallback	64	static
../Core/Src/main.c:332:6:StartDefaultTask	16	static
../Core/Src/main.c:351:6:HAL_TIM_PeriodElapsedCallback	16	static
../Core/Src/main.c:369:6:Error_Handler	4	static,ignoring_inline_asm
../Core/Src/main.c:379:5:__io_putchar	16	static
